/root/dex-arb-engine/python/db/populate_tables.py:39: SAWarning: Column 'pools.chain_id' is marked as a member of the primary key for table 'pools', but has no Python-side or server-side default generator indicated, nor does it indicate 'autoincrement=True' or 'nullable=True', and no explicit value is passed.  Primary key columns typically may not store NULL. Note that as of SQLAlchemy 1.1, 'autoincrement=True' must be indicated explicitly for composite (e.g. multicolumn) primary keys if AUTO_INCREMENT/SERIAL/IDENTITY behavior is expected for one of the columns in the primary key. CREATE TABLE statements are impacted by this change as well on most backends.
  result = session.execute(stmt)
/root/dex-arb-engine/python/db/populate_tables.py:39: SAWarning: Column 'pools.pool_address' is marked as a member of the primary key for table 'pools', but has no Python-side or server-side default generator indicated, nor does it indicate 'autoincrement=True' or 'nullable=True', and no explicit value is passed.  Primary key columns typically may not store NULL. Note that as of SQLAlchemy 1.1, 'autoincrement=True' must be indicated explicitly for composite (e.g. multicolumn) primary keys if AUTO_INCREMENT/SERIAL/IDENTITY behavior is expected for one of the columns in the primary key. CREATE TABLE statements are impacted by this change as well on most backends.
  result = session.execute(stmt)
Traceback (most recent call last):
  File "/root/dex-arb-engine/python/venv/lib/python3.12/site-packages/sqlalchemy/engine/base.py", line 1967, in _exec_single_context
    self.dialect.do_execute(
  File "/root/dex-arb-engine/python/venv/lib/python3.12/site-packages/sqlalchemy/engine/default.py", line 952, in do_execute
    cursor.execute(statement, parameters)
psycopg2.errors.NotNullViolation: null value in column "chain_id" of relation "pools" violates not-null constraint
DETAIL:  Failing row contains (null, null, null, null, null, null, null, null).


The above exception was the direct cause of the following exception:

Traceback (most recent call last):
  File "/root/dex-arb-engine/python/main.py", line 66, in <module>
    main()
  File "/root/dex-arb-engine/python/main.py", line 55, in main
    populate_pools(
  File "/root/dex-arb-engine/python/db/populate_tables.py", line 191, in populate_pools
    inserted = populate_table(Session, stmt)
               ^^^^^^^^^^^^^^^^^^^^^^^^^^^^^
  File "/root/dex-arb-engine/python/db/populate_tables.py", line 39, in populate_table
    result = session.execute(stmt)
             ^^^^^^^^^^^^^^^^^^^^^
  File "/root/dex-arb-engine/python/venv/lib/python3.12/site-packages/sqlalchemy/orm/session.py", line 2351, in execute
    return self._execute_internal(
           ^^^^^^^^^^^^^^^^^^^^^^^
  File "/root/dex-arb-engine/python/venv/lib/python3.12/site-packages/sqlalchemy/orm/session.py", line 2249, in _execute_internal
    result: Result[Any] = compile_state_cls.orm_execute_statement(
                          ^^^^^^^^^^^^^^^^^^^^^^^^^^^^^^^^^^^^^^^^
  File "/root/dex-arb-engine/python/venv/lib/python3.12/site-packages/sqlalchemy/orm/bulk_persistence.py", line 1306, in orm_execute_statement
    result = conn.execute(
             ^^^^^^^^^^^^^
  File "/root/dex-arb-engine/python/venv/lib/python3.12/site-packages/sqlalchemy/engine/base.py", line 1419, in execute
    return meth(
           ^^^^^
  File "/root/dex-arb-engine/python/venv/lib/python3.12/site-packages/sqlalchemy/sql/elements.py", line 527, in _execute_on_connection
    return connection._execute_clauseelement(
           ^^^^^^^^^^^^^^^^^^^^^^^^^^^^^^^^^^
  File "/root/dex-arb-engine/python/venv/lib/python3.12/site-packages/sqlalchemy/engine/base.py", line 1641, in _execute_clauseelement
    ret = self._execute_context(
          ^^^^^^^^^^^^^^^^^^^^^^
  File "/root/dex-arb-engine/python/venv/lib/python3.12/site-packages/sqlalchemy/engine/base.py", line 1846, in _execute_context
    return self._exec_single_context(
           ^^^^^^^^^^^^^^^^^^^^^^^^^^
  File "/root/dex-arb-engine/python/venv/lib/python3.12/site-packages/sqlalchemy/engine/base.py", line 1986, in _exec_single_context
    self._handle_dbapi_exception(
  File "/root/dex-arb-engine/python/venv/lib/python3.12/site-packages/sqlalchemy/engine/base.py", line 2363, in _handle_dbapi_exception
    raise sqlalchemy_exception.with_traceback(exc_info[2]) from e
  File "/root/dex-arb-engine/python/venv/lib/python3.12/site-packages/sqlalchemy/engine/base.py", line 1967, in _exec_single_context
    self.dialect.do_execute(
  File "/root/dex-arb-engine/python/venv/lib/python3.12/site-packages/sqlalchemy/engine/default.py", line 952, in do_execute
    cursor.execute(statement, parameters)
sqlalchemy.exc.IntegrityError: (psycopg2.errors.NotNullViolation) null value in column "chain_id" of relation "pools" violates not-null constraint
DETAIL:  Failing row contains (null, null, null, null, null, null, null, null).

[SQL: INSERT INTO pools DEFAULT VALUES ON CONFLICT ON CONSTRAINT pools_pkey DO NOTHING]
(Background on this error at: https://sqlalche.me/e/20/gkpj)
